@prefix sh: <http://www.w3.org/ns/shacl#> .
@prefix rdf: <http://www.w3.org/1999/02/22-rdf-syntax-ns#> .
@prefix schema: <http://schema.org/> .
@prefix xsd: <http://www.w3.org/2001/XMLSchema#> .
@prefix cube: <https://cube.link/> .

_:report a sh:ValidationReport ;
	sh:result [
		rdf:type sh:ValidationResult ;
		sh:resultSeverity sh:Violation ;
		sh:sourceConstraintComponent sh:MinCountConstraintComponent ;
		sh:sourceShape [
			sh:path cube:observationSet ;
			sh:minCount 1 ;
			sh:node <https://cube.link/shape/ObservationSetShape> ;
			sh:message "cube:Cube needs at least one cube:ObservationSet" ;
		] ;
		sh:focusNode <https://example.org/cube> ;
		sh:resultPath cube:observationSet ;
		sh:resultMessage "cube:Cube needs at least one cube:ObservationSet" ;
	] ;
	sh:conforms false .
