@prefix sh: <http://www.w3.org/ns/shacl#> .
@prefix rdf: <http://www.w3.org/1999/02/22-rdf-syntax-ns#> .
@prefix schema: <http://schema.org/> .
@prefix xsd: <http://www.w3.org/2001/XMLSchema#> .
@prefix cube: <https://cube.link/> .

_:report a sh:ValidationReport ;
	sh:result [
		rdf:type sh:ValidationResult ;
		sh:resultSeverity sh:Violation ;
		sh:sourceConstraintComponent sh:NodeConstraintComponent ;
		sh:sourceShape [
			sh:path cube:observationConstraint ;
			sh:node <https://cube.link/shape/ObservationConstraintShape> ;
			sh:message "cube:Cube must point to a valid cube:Constraint" ;
		] ;
		sh:focusNode <https://example.org/cube> ;
		sh:resultPath cube:observationConstraint ;
		sh:resultMessage "cube:Cube must point to a valid cube:Constraint" ;
		sh:detail [
			rdf:type sh:ValidationResult ;
			sh:resultSeverity sh:Violation ;
			sh:sourceConstraintComponent sh:MinCountConstraintComponent ;
			sh:sourceShape [
				sh:path sh:property ;
				sh:message "cube:Constraint needs at least a certain amount of sh:properties" ;
				sh:minCount 3 ;
			] ;
			sh:focusNode <https://example.org/constraint> ;
			sh:resultPath sh:property ;
			sh:resultMessage "cube:Constraint needs at least a certain amount of sh:properties" ;
		] ;
		sh:value <https://example.org/constraint> ;
	] ;
	sh:conforms false .
