@prefix sh: <http://www.w3.org/ns/shacl#> .
@prefix rdf: <http://www.w3.org/1999/02/22-rdf-syntax-ns#> .
@prefix schema: <http://schema.org/> .
@prefix xsd: <http://www.w3.org/2001/XMLSchema#> .
@prefix cube: <https://cube.link/> .

_:report a sh:ValidationReport ;
	sh:result [
		rdf:type sh:ValidationResult ;
		sh:resultSeverity sh:Violation ;
		sh:sourceConstraintComponent sh:NodeConstraintComponent ;
		sh:sourceShape [
			sh:path cube:observationConstraint ;
			sh:maxCount 1 ;
			sh:minCount 1 ;
			sh:node <https://cube.link/shape/profile-opendataswiss-lindas#ObservationConstraintShape> ;
		] ;
		sh:focusNode <http://example.org/Cube> ;
		sh:resultPath cube:observationConstraint ;
		sh:value <observationConstraint> ;
		sh:resultMessage "Value does not have shape <https://cube.link/shape/profile-opendataswiss-lindas#ObservationConstraintShape>" ;
		sh:detail [
			rdf:type sh:ValidationResult ;
			sh:resultSeverity sh:Violation ;
			sh:sourceConstraintComponent sh:OrConstraintComponent ;
			sh:sourceShape _:b643 ;
			sh:focusNode <observationConstraint> ;
			sh:resultPath sh:property ;
			sh:value _:b2 ;
			sh:resultMessage "Cube must have exactly one scaleType: qudt:IntervalScale, qudt:NominalScale, qudt:RatioScale, or qudt:OrdinalScale" ;
		], [
			rdf:type sh:ValidationResult ;
			sh:resultSeverity sh:Violation ;
			sh:sourceConstraintComponent sh:OrConstraintComponent ;
			sh:sourceShape _:b643 ;
			sh:focusNode <observationConstraint> ;
			sh:resultPath sh:property ;
			sh:value _:b3 ;
			sh:resultMessage "Cube must have exactly one scaleType: qudt:IntervalScale, qudt:NominalScale, qudt:RatioScale, or qudt:OrdinalScale" ;
		] ;
	], [
		rdf:type sh:ValidationResult ;
		sh:resultSeverity sh:Violation ;
		sh:sourceConstraintComponent sh:OrConstraintComponent ;
		sh:sourceShape _:b643 ;
		sh:focusNode <observationConstraint> ;
		sh:resultPath sh:property ;
		sh:value _:b2 ;
		sh:resultMessage "Cube must have exactly one scaleType: qudt:IntervalScale, qudt:NominalScale, qudt:RatioScale, or qudt:OrdinalScale" ;
	], [
		rdf:type sh:ValidationResult ;
		sh:resultSeverity sh:Violation ;
		sh:sourceConstraintComponent sh:OrConstraintComponent ;
		sh:sourceShape _:b643 ;
		sh:focusNode <observationConstraint> ;
		sh:resultPath sh:property ;
		sh:value _:b3 ;
		sh:resultMessage "Cube must have exactly one scaleType: qudt:IntervalScale, qudt:NominalScale, qudt:RatioScale, or qudt:OrdinalScale" ;
	] ;
	sh:conforms false .

_:b643 sh:path sh:property ;
	sh:or (
		[
			sh:node <https://cube.link/shape/profile-opendataswiss-lindas#ObservationConstraintScaleTypeProperty> ;
		]
		[
			sh:node <https://cube.link/shape/profile-opendataswiss-lindas#ObservationConstraintCoreProperty> ;
		]
	) ;
	sh:message "Cube must have exactly one scaleType: qudt:IntervalScale, qudt:NominalScale, qudt:RatioScale, or qudt:OrdinalScale" .
