@prefix sh: <http://www.w3.org/ns/shacl#> .
@prefix rdf: <http://www.w3.org/1999/02/22-rdf-syntax-ns#> .
@prefix rdfs: <http://www.w3.org/2000/01/rdf-schema#> .
@prefix xsd: <http://www.w3.org/2001/XMLSchema#> .
@prefix schema: <http://schema.org/> .
@prefix cube: <https://cube.link/> .

_:report a sh:ValidationReport ;
	sh:result [
		rdf:type sh:ValidationResult ;
		sh:resultSeverity sh:Violation ;
		sh:sourceConstraintComponent sh:MinCountConstraintComponent ;
		sh:sourceShape [
			sh:path _:b690 ;
			sh:minCount 1 ;
		] ;
		sh:focusNode _:b4 ;
		sh:resultPath _:b690 ;
		sh:resultMessage "Less than 1 values" ;
	] ;
	sh:conforms false .

_:b690 sh:alternativePath (
		schema:minValue
		schema:maxValue
	) .
