@prefix sh: <http://www.w3.org/ns/shacl#> .
@prefix rdf: <http://www.w3.org/1999/02/22-rdf-syntax-ns#> .
@prefix rdfs: <http://www.w3.org/2000/01/rdf-schema#> .
@prefix xsd: <http://www.w3.org/2001/XMLSchema#> .
@prefix schema: <http://schema.org/> .
@prefix cube: <https://cube.link/> .

_:report a sh:ValidationReport ;
	sh:result [
		rdf:type sh:ValidationResult ;
		sh:resultSeverity sh:Violation ;
		sh:sourceConstraintComponent sh:NotConstraintComponent ;
		sh:sourceShape <https://cube.link/shape/standalone-constraint-constraint#AnnotationContextDimensionType> ;
		sh:focusNode _:b5 ;
		sh:value _:b5 ;
		sh:resultMessage "annotation context must have exactly one sh:path which is cube's key dimension" ;
	], [
		rdf:type sh:ValidationResult ;
		sh:resultSeverity sh:Violation ;
		sh:sourceConstraintComponent sh:XoneConstraintComponent ;
		sh:sourceShape [
			sh:path _:b710 ;
			sh:xone (
				[
					sh:class cube:KeyDimension ;
				]
				[
					sh:property [
						sh:path [
							sh:inversePath <https://cube.link/meta/annotationContext> ;
						] ;
						sh:minCount 1 ;
					] ;
				]
			) ;
		] ;
		sh:focusNode _:b7 ;
		sh:value _:b9 ;
		sh:resultPath _:b710 ;
	] ;
	sh:conforms false .

_:b710 rdf:first sh:path ;
	rdf:rest (
		[
			sh:inversePath sh:path ;
		]
	) .
